{
    "views": "247",
    "uploader": "Moth_Porn_Cognoscenti, May 10, 2019; 06:44",
    "tags": [
        "astolfo",
        "kuro_no_rider",
        "rider_of_black"
    ],
    "source": null,
    "locked": false,
    "parent": null,
    "rating": "Questionable",
    "imageUrl": "http:\/\/unlimitedastolfo.works\/_images\/9e7bc74a916956fef58984d6b5c823bd\/3407%20-%20astolfo%20kuro_no_rider%20rider_of_black.jpg"
}
